10YARD.ROM      /S
1942.ROM        /S
1942MSX1.ROM    /A /S
3EYED.ROM       /S
A-ADVEN1.ROM    /S
A-ADVEN2.ROM    /S
A-LAND1.ROM     /S
A-TRUCK.ROM     /S
ACTMAN.ROM      /S
ALBATROS.ROM    /S
ALCAZAR.ROM     /S
ALIBABA.ROM     /S
ALIEN-8.ROM     /S
ALPHA-R.ROM     /S
ALPHA-SQ.ROM    /S
ALTLER-W.ROM    /S
ANGELO.ROM      /S
ANIBAS.ROM      /S
ANIMAL.ROM      /S
ANTY.ROM        /S
ARAMO.ROM       /S
ARKAN-II.ROM    /A /S
ARKANOID.ROM    /S
ASHGUIN1.ROM    /S
B-BLOCK.ROM     /S
B-PEGUS.ROM     /S
B-STORME.ROM    /S
BACK-G.ROM      /S
BACK-TTF.ROM    /S
BACTRIX.ROM     /S
BALANCE.ROM     /S
BALLOON.ROM     /S
BANANA.ROM      /S
BANDAI.ROM      /S
BANK-P.ROM      /S
BASEBA-C.ROM    /S
BATTLE-C.ROM    /S
BD1.ROM         /S
BD2.ROM         /S
BEACH-H.ROM     /S
BEAMRIDE.ROM    /S
BECKY.ROM       /S
BILLIARD.ROM    /S
BLAZER.ROM      /S
BOGGY'84.ROM    /S
BOING-B.ROM     /S
BOKOSUKA.ROM    /S
BOMBER-M.ROM    /S
BOMBMAN.ROM     /S
BOOGABOO.ROM    /S
BOOGIE-W.ROM    /S
BOOMERAN.ROM    /S
BOSCONIA.ROM    /S
BRUCELEE.ROM    /S
BUBBLE.ROM      /A /S
BUTAMARU.ROM    /S
C-BAKERY.ROM    /S
C-BASEBA.ROM    /S
C-BILLRD.ROM    /S
C-EXCLN2.ROM    /S
C-EXCLNT.ROM    /S
C-EXPLOR.ROM    /S
C-JAMBOR.ROM    /S
C-NEXA.ROM      /S
C-TRAIN.ROM     /0 /R
CANDO-N.ROM     /S
CAR-FIGH.ROM    /S
CATBOY.ROM      /S
CE.ROM          /S
CENTER.ROM      /S
CHAKNPOP.ROM    /S
CHEESE2.ROM     /S
CHESS-M.ROM     /S
CHESS.ROM       /S
CHOPLIFT.ROM    /S
CHORO-Q.ROM     /S
CIRCUS-C.ROM    /S
CITY-CON.ROM    /S
COASTER.ROM     /S
COMPBILL.ROM    /S
CONDORI.ROM     /S
CP-KIDS.ROM     /S
CP-WREST.ROM    /S
CRAZY-C.ROM     /S
CROSSBLA.ROM    /O /S
CRUSADER.ROM    /S
D-BUSTER.ROM    /A /S
D-DAY.ROM       /S
D-MASTER.ROM    /S
DAM-BUST.ROM    /S
DAMBUST.ROM     /S
DANGER-X.ROM    /S
DAVID-II.ROM    /S
DEMONIA.ROM     /A /S
DIG-DUG.ROM     /S
DINO-SOU.ROM    /S
DIP-DIP.ROM     /S
DOORDOOR.ROM    /S
DORODON.ROM     /S
DQUEST1.ROM     /S
DRAGON-A.ROM    /S
DRAGON.ROM      /S
DRUAGA.ROM      /S
DRUID.ROM       /A /S
DUNKSHOT.ROM    /S
E-INOVA.ROM     /S
EDDY2.ROM       /S
EGGLAND1.ROM    /R
EGGLAND2.ROM    /1 /S
ELEVATOR.ROM    /S
ELSLID.ROM      /S
ENG-JAP.ROM     /A /S
ENGPARO.ROM     /S
EXCHANGR.ROM    /B /S
EXERION.ROM     /S
EXERION2.ROM    /S
EXOID-Z.ROM     /S
EXOIDEZ5.ROM    /S
EXPLORER.ROM    /S
F-SEARCH.ROM    /S
F16-FF.ROM      /S
F1SPIRIT.ROM    /S
FAIRY.ROM       /S
FAMBIL.ROM      /A /S
FANZONE1.ROM    /A /S
FINLZONE.ROM    /S
FIREBIRD.ROM    /S
FLAPPY.ROM      /S
FLICKY.ROM      /S
FM-MUSIC.ROM    /R
FROGGER.ROM     /S
FRONTLIN.ROM    /S
FRUITSRC.ROM    /S
FSLY.ROM        /S
FSWTA.ROM       /A /S
FUNKY-M.ROM     /S
FUTURE.ROM      /S
G-BUSTER.ROM    /S
G-FRIGHT.ROM    /S
G-MASTER.ROM    /R
GALAGA1.ROM     /S
GALAXIAN.ROM    /S
GANG-MAN.ROM    /S
GHOST-FI.ROM    /S
GLIDER.ROM      /S
GODDESS.ROM     /S
GODZILLA.ROM    /S
GOLF.ROM        /S
GOONIES.ROM     /S
GP-WORLD.ROM    /S
GPRIDER.ROM     /S
GRADIUS2.ROM    /S
GROGS-R.ROM     /S
GRYZOR.ROM      /S
GUARDIC.ROM     /S
GULKAVE.ROM     /S
GUNDAM.ROM      /S
GYRODINE.ROM    /S
H-BOXING.ROM    /S
H-OLYMP1.ROM    /S
H-OLYMP2.ROM    /S
H-PRO.ROM       /S
H-RALLY.ROM     /S
H-SPORT1.ROM    /S
H-SPORT2.ROM    /S
H-SPORT3.ROM    /S
HBOYS.ROM       /S
HEAVEN.ROM      /S
HEAVYBOX.ROM    /S
HEIST.ROM       /S
HELITANK.ROM    /S
HERO.ROM        /S
HIGHWAY.ROM     /S
HM-010.ROM      /B /S
HOLE-IN1.ROM    /S
HOLE.ROM        /S
HOLE1-PR.ROM    /S
HOLE1-SP.ROM    /1 /S
HONKBALL.ROM    /S
HUNCHBAC.ROM    /S
HUSTLER.ROM     /S
HW-STAR.ROM     /S
HYDLIDE2.ROM    /1 /S
HYPE.ROM        /S
INDIA-NB.ROM    /S
INSPEC-Z.ROM    /S
INSPECTZ.ROM    /S
J-COASTE.ROM    /S
JELDA.ROM       /S
JUNOFIRS.ROM    /0 /S
K-BASEB1.ROM    /S
K-BOXING.ROM    /S
K-CHESS.ROM     /1 /S
K-GOLF.ROM      /S
K-LORE.ROM      /S
K-MARE.ROM      /S
K-MAST1.ROM     /S
K-MAST2.ROM     /S
K-PPONG.ROM     /S
K-SOCCER.ROM    /S
K-TENNIS.ROM    /S
KAGE.ROM        /S
KALEID-S.ROM    /S
KARUIZAW.ROM    /A /S
KENDOS.ROM      /S
KINGKONG.ROM    /S
KINGS-V1.ROM    /S
KK2-ENG.ROM     /S
KN327.ROM       /S
KO769.ROM       /S
KOLESO.ROM      /S
KVALLE21.ROM    /R
KVALLE22.ROM    /R
LAPTICK2.ROM    /S
LEMANS.ROM      /S
LINKS.ROM       /S
LODE-R1.ROM     /S
M-BUILIN.ROM    /S
M-FAIR.ROM      /S
M-GEAR1.ROM     /S
M-KIDWIZ.ROM    /S
M-PATROL.ROM    /S
M-PLANET.ROM    /S
M-RANGER.ROM    /S
M-STUDIO.ROM    /R
M-TREE.ROM      /S
MACROSS.ROM     /S
MAHJONG.ROM     /S
MAJUTUSI.ROM    /D:x /S
MANES.ROM       /S
MAPPY.ROM       /S
MARIO2.ROM      /S
MAZIACS.ROM     /S
MCFARMER.ROM    /S
MGALIOUS.ROM    /S
MINIGOLF.ROM    /S
MMAHJONG.ROM    /S
MONKEY-A.ROM    /S
MONSTER.ROM     /S
MONMON.ROM      /A /S
MOON-S.ROM      /S
MOUSER.ROM      /S
MPLANET.ROM     /S
MR-CHIN.ROM     /S
MR-DO2.ROM      /S
MR-DO3.ROM      /S
MSTUDIO.ROM     /S
MTDISPLY.ROM    /R
MUE.ROM         /S
MYSTERY.ROM     /S
NEM2BETA.ROM    /S
NEM2CHT.ROM     /S
NEMESIS1.ROM    /S
NEMESIS2.ROM    /S
NIGHT-S.ROM     /S
NINJA-P.ROM     /S
NINJA1.ROM      /S
NINJA2.ROM      /A /S
OIL.ROM         /S
OILSWELL.ROM    /S
ONIX.ROM        /S
OTHELLO.ROM     /S
P-APPLIN.ROM    /S
P-CHASER.ROM    /S
P-FINDER.ROM    /S
PAC-MAN.ROM     /S
PACHICOM.ROM    /S
PASKHA.ROM      /S
PASTFIND.ROM    /S
PAYLOAD.ROM     /S
PAYLOAD2.ROM    /S
PENGUIN.ROM     /S
PERSEUS.ROM     /S
PILBOX.ROM      /S
PINEAPPL.ROM    /S
PINGBALL.ROM    /S
PINGUIN.ROM     /S
PINGUINC.ROM    /S
PIPI.ROM        /S
PIPPOLS.ROM     /S
PIPPOLS.ROM     /S
PITFALL.ROM     /S
PITFALL2.ROM    /S
PLAYBALL.ROM    /S
POLICE-S.ROM    /S
POOYAN.ROM      /S
PROTECT.ROM     /S
PRTECTOR.ROM    /S
PUZZLE.ROM      /S
Q-BERT.ROM      /S
Q-GOLF.ROM      /S
QUARTH.ROM      /S
QUARTHC.ROM     /S
RALLY-X.ROM     /S
RAMBO.ROM       /S
RAMBO2.ROM      /S
RB-BAY.ROM      /S
RC700.ROM       /S
RC701.ROM       /S
RC701JAP.ROM    /S
RC702.ROM       /S
RC703.ROM       /S
RC705.ROM       /S
RC706.ROM       /S
RC706VH.ROM     /S
RC710.ROM       /S
RC710T&F.ROM    /S
RC711.ROM       /S
RC711T&F.ROM    /S
RC715.ROM       /S
RC717.ROM       /S
RC718.ROM       /S
RC720.ROM       /S
RC724.ROM       /S
RC725.ROM       /S
RC727.ROM       /S
RC728.ROM       /S
RC729.ROM       /S
RC730.ROM       /S
RC731.ROM       /S
RC732.ROM       /S
RC732FB.ROM     /S
RC733.ROM       /S
RC734.ROM       /S
RC735.ROM       /R
RC735JAP.ROM    /R
RC736.ROM       /S
RC737.ROM       /S
RC739.ROM       /S
RC740.ROM       /S
RC741.ROM       /D:x /R
RC741CV.ROM     /R
RC741FM.ROM     /R
RC741MM.ROM     /R
RC741TR.ROM     /R
RC742.ROM       /S
RC743.ROM       /S
RC744.ROM       /S
RC745.ROM       /S
RC746.ROM       /S
RC747.ROM       /S
RC748.ROM       /S
RC749.ROM       /S
RC750.ROM       /S
RC750JAP.ROM    /S
RC751.ROM       /S
RC752.ROM       /S
RC752PAN.ROM    /S
RC753.ROM       /S
RC755.ROM       /R
RC757.ROM       /R
RC758.ROM       /S
RC759.ROM       /S
RC760.ROM       /R
RC761.ROM       /R
RC762.ROM       /S
RC765.ROM       /D:x /S
RC765CV.ROM     /S
RC765FM.ROM     /S
RC765MM.ROM     /S
RC765TR.ROM     /S
RC766.ROM       /R
RC769.ROM       /S
REPLICAN.ROM    /A /S
RISEOUT.ROM     /S
RIVER.ROM       /S
ROAD-F.ROM      /S
ROLLER.ROM      /S
ROMANCIA.ROM    /A /S
RS232.ROM       /R
RUNNER.ROM      /S
S-ACORN.ROM     /S
S-BUSTER.ROM    /S
S-COBRA.ROM     /S
S-EGG.ROM       /S
S-GOLF.ROM      /S
S-JAGUAR.ROM    /S
S-SNAKER.ROM    /S
S-SOCCER.ROM    /S
S-TENNIS.ROM    /S
S-TRIPER.ROM    /S
S-TROUBL.ROM    /S
SALAMAND.ROM    /S
SAMURAI.ROM     /S
SASA.ROM        /S
SAURUS-L.ROM    /S
SCARLET7.ROM    /S
SCION.ROM       /S
SCR-GM2.ROM     /R
SENJYO.ROM      /S
SKI-C.ROM       /S
SKOOTER.ROM     /S
SLAP-S.ROM      /S
SLODERUN.ROM    /L /S
SNAKE-IT.ROM    /S
SOKOBAN.ROM     /S
SOS.ROM         /S
SP-MAZE.ROM     /S
SPARKIE.ROM     /0 /S
SPELUNK.ROM     /S
SRUNNER.ROM     /S
SSOCCER.ROM     /S
STAR-S.ROM      /S
STARFORC.ROM    /S
STARSHIP.ROM    /S
STEP-UP.ROM     /S
STONE-W.ROM     /S
STRNGE-L.ROM    /S
T-BUNNY.ROM     /S
T-PILOT.ROM     /S
T-ROLLER.ROM    /S
TANK-BAT.ROM    /S
TAWARA.ROM      /S
TENSAI-R.ROM    /S
TETRA-H.ROM     /S
TETRIS.ROM      /A /S
THESEUS.ROM     /S
THEXDER.ROM     /S
THUNDR-2.ROM    /S
THUNDR-B.ROM    /S
TOPPLE-Z.ROM    /S
TOPPLE.ROM      /A /S
TRAFFIC.ROM     /S
TRITORN.ROM     /S
TURBOAT.ROM     /S
TWIN-BEE.ROM    /S
USAS.ROM        /S
USASCHT.ROM     /S
VALIS.ROM       /A /S
VENUS-F.ROM     /S
VIDEO-H.ROM     /S
VKILLCHT.ROM    /S
VKILLER.ROM     /S
VOLGUARD.ROM    /S
WARPWARP.ROM    /S
WARROID.ROM     /S
WEDDIN-B.ROM    /S
WIZ.ROM         /S
WONDER-B.ROM    /S
WRANGLER.ROM    /S
WRECK.ROM       /S
XYZOLOG.ROM     /S
YIE-AR1.ROM     /S
YIE-AR2.ROM     /S
ZANAC-EX.ROM    /1 /S
ZANAC.ROM       /S
ZAXXON.ROM      /S
ZELDA.ROM       /A /S
ZEXAS.ROM       /S
ZHUNTER.ROM     /S
ZOOM909.ROM     /S
